[1mFile "ConditionalHooks.ml", line 4, characters 9-54[0m:
4 |     then ((useMouseHook ())[@reason.preserve_braces ]);
             [1;31m^^^^^^^^^^^^^^^^^^^^^^^^^^^^^^^^^^^^^^^^^^^^^[0m
[1;31mError[0m: Hooks can't be inside conditionals, neither loops.
