[1mFile "ExhaustiveDepsUseEffect.ml", lines 4-6, characters 4-14[0m:
4 | ....React.useEffect1
5 |       (fun () -> ((Js.log randomProp; None)[@reason.preserve_braces ]))
6 |       [|show|].
[1;31mError[0m: ExhaustiveDeps: Missing 'randomProp' in the dependency array
